[2026-06-08T08:57:02.9417867+08:00] Starting run-once
Python=C:\Python314\python.exe
urllib3.exceptions.SSLError: [SSL: UNEXPECTED_EOF_WHILE_READING] EOF occurred in violation of protocol (_ssl.c:1081)

The above exception was the direct cause of the following exception:

Traceback (most recent call last):
  File "C:\Python314\Lib\site-packages\requests\adapters.py", line 667, in send
    resp = conn.urlopen(
        method=request.method,
    ...<9 lines>...
        chunked=chunked,
    )
  File "C:\Python314\Lib\site-packages\urllib3\connectionpool.py", line 842, in urlopen
    retries = retries.increment(
        method, url, error=new_e, _pool=self, _stacktrace=sys.exc_info()[2]
    )
  File "C:\Python314\Lib\site-packages\urllib3\util\retry.py", line 543, in increment
    raise MaxRetryError(_pool, url, reason) from reason  # type: ignore[arg-type]
    ^^^^^^^^^^^^^^^^^^^^^^^^^^^^^^^^^^^^^^^^^^^^^^^^^^^
urllib3.exceptions.MaxRetryError: HTTPSConnectionPool(host='qt.gtimg.cn', port=443): Max retries exceeded with url: /q=s_sh000001 (Caused by SSLError(SSLEOFError(8, '[SSL: UNEXPECTED_EOF_WHILE_READING] EOF occurred in violation of protocol (_ssl.c:1081)')))

During handling of the above exception, another exception occurred:

Traceback (most recent call last):
  File "<frozen runpy>", line 198, in _run_module_as_main
  File "<frozen runpy>", line 88, in _run_code
  File "C:\Users\Administrator\tech-news-wecom\tech_news_wecom\cli.py", line 37, in <module>
    raise SystemExit(main())
                     ~~~~^^
  File "C:\Users\Administrator\tech-news-wecom\tech_news_wecom\cli.py", line 23, in main
    result = run_once(settings, repo_root=repo_root)
  File "C:\Users\Administrator\tech-news-wecom\tech_news_wecom\pipeline.py", line 98, in run_once
    market_context = build_market_context()
  File "C:\Users\Administrator\tech-news-wecom\tech_news_wecom\market.py", line 45, in build_market_context
    snap = fetch_sse_composite_snapshot()
  File "C:\Users\Administrator\tech-news-wecom\tech_news_wecom\market.py", line 23, in fetch_sse_composite_snapshot
    r = requests.get(url, timeout=15)
  File "C:\Python314\Lib\site-packages\requests\api.py", line 73, in get
    return request("get", url, params=params, **kwargs)
  File "C:\Python314\Lib\site-packages\requests\api.py", line 59, in request
    return session.request(method=method, url=url, **kwargs)
           ~~~~~~~~~~~~~~~^^^^^^^^^^^^^^^^^^^^^^^^^^^^^^^^^^
  File "C:\Python314\Lib\site-packages\requests\sessions.py", line 589, in request
    resp = self.send(prep, **send_kwargs)
  File "C:\Python314\Lib\site-packages\requests\sessions.py", line 703, in send
    r = adapter.send(request, **kwargs)
  File "C:\Python314\Lib\site-packages\requests\adapters.py", line 698, in send
    raise SSLError(e, request=request)
requests.exceptions.SSLError: HTTPSConnectionPool(host='qt.gtimg.cn', port=443): Max retries exceeded with url: /q=s_sh000001 (Caused by SSLError(SSLEOFError(8, '[SSL: UNEXPECTED_EOF_WHILE_READING] EOF occurred in violation of protocol (_ssl.c:1081)')))
[2026-06-08T09:10:59.9882333+08:00] Finished run-once exit_code=1
